// Jest Snapshot v1, https://goo.gl/fbAQLP

exports[`SimpleButton renders correctly 1`] = `
<div>
  <button
    disabled={true}
  >
    Click me
  </button>
</div>
`;
